#0 building with "desktop-linux" instance using docker driver

#1 [internal] load build definition from Dockerfile
#1 transferring dockerfile: 1.08kB 0.0s done
#1 DONE 0.0s

#2 [internal] load metadata for docker.io/library/python:3.12-slim-bookworm
#2 ...

#3 [auth] library/python:pull token for registry-1.docker.io
#3 DONE 0.0s

#2 [internal] load metadata for docker.io/library/python:3.12-slim-bookworm
#2 DONE 1.8s

#4 [internal] load .dockerignore
#4 transferring context: 238B done
#4 DONE 0.0s

#5 [internal] load build context
#5 DONE 0.0s

#6 [1/8] FROM docker.io/library/python:3.12-slim-bookworm@sha256:58525e1a8dada8e72d6f8a11a0ddff8d981fd888549108db52455d577f927f77
#6 resolve docker.io/library/python:3.12-slim-bookworm@sha256:58525e1a8dada8e72d6f8a11a0ddff8d981fd888549108db52455d577f927f77 0.1s done
#6 DONE 0.1s

#7 [2/8] WORKDIR /app
#7 CACHED

#5 [internal] load build context
#5 transferring context: 8.15kB 0.0s done
#5 DONE 0.1s

#8 [3/8] RUN apt-get update &&     apt-get install -y --no-install-recommends         curl gnupg2 apt-transport-https unixodbc-dev ca-certificates &&     curl -fsSL https://packages.microsoft.com/keys/microsoft.asc | gpg --dearmor -o /usr/share/keyrings/microsoft-prod.gpg &&     curl https://packages.microsoft.com/config/debian/12/prod.list > /etc/apt/sources.list.d/mssql-release.list &&     apt-get update &&     ACCEPT_EULA=Y apt-get install -y msodbcsql17 msodbcsql18 &&     apt-get clean && rm -rf /var/lib/apt/lists/*
#8 0.803 Get:1 http://deb.debian.org/debian bookworm InRelease [151 kB]
#8 1.022 Get:2 http://deb.debian.org/debian bookworm-updates InRelease [55.4 kB]
#8 1.226 Get:3 http://deb.debian.org/debian-security bookworm-security InRelease [48.0 kB]
#8 1.309 Get:4 http://deb.debian.org/debian bookworm/main amd64 Packages [8792 kB]
#8 3.510 Get:5 http://deb.debian.org/debian bookworm-updates/main amd64 Packages [6924 B]
#8 3.555 Get:6 http://deb.debian.org/debian-security bookworm-security/main amd64 Packages [297 kB]
#8 4.598 Fetched 9350 kB in 4s (2312 kB/s)
#8 4.598 Reading package lists...
#8 5.264 Reading package lists...
#8 5.871 Building dependency tree...
#8 6.114 Reading state information...
#8 6.299 ca-certificates is already the newest version (20230311+deb12u1).
#8 6.299 The following additional packages will be installed:
#8 6.299   dirmngr gnupg gnupg-l10n gnupg-utils gpg gpg-agent gpg-wks-client
#8 6.301   gpg-wks-server gpgconf gpgsm libassuan0 libbrotli1 libcurl4 libksba8
#8 6.301   libldap-2.5-0 libltdl7 libnghttp2-14 libnpth0 libodbc2 libodbccr2
#8 6.302   libodbcinst2 libpsl5 librtmp1 libsasl2-2 libsasl2-modules-db libssh2-1
#8 6.302   pinentry-curses unixodbc-common
#8 6.303 Suggested packages:
#8 6.303   dbus-user-session libpam-systemd pinentry-gnome3 tor parcimonie xloadimage
#8 6.303   scdaemon odbc-postgresql tdsodbc pinentry-doc
#8 6.303 Recommended packages:
#8 6.303   libldap-common publicsuffix libsasl2-modules
#8 6.462 The following NEW packages will be installed:
#8 6.462   apt-transport-https curl dirmngr gnupg gnupg-l10n gnupg-utils gnupg2 gpg
#8 6.462   gpg-agent gpg-wks-client gpg-wks-server gpgconf gpgsm libassuan0 libbrotli1
#8 6.462   libcurl4 libksba8 libldap-2.5-0 libltdl7 libnghttp2-14 libnpth0 libodbc2
#8 6.462   libodbccr2 libodbcinst2 libpsl5 librtmp1 libsasl2-2 libsasl2-modules-db
#8 6.462   libssh2-1 pinentry-curses unixodbc-common unixodbc-dev
#8 6.598 0 upgraded, 32 newly installed, 0 to remove and 0 not upgraded.
#8 6.598 Need to get 10.8 MB of archives.
#8 6.598 After this operation, 23.2 MB of additional disk space will be used.
#8 6.598 Get:1 http://deb.debian.org/debian bookworm/main amd64 apt-transport-https all 2.6.1 [25.2 kB]
#8 6.640 Get:2 http://deb.debian.org/debian bookworm/main amd64 libbrotli1 amd64 1.0.9-2+b6 [275 kB]
#8 6.732 Get:3 http://deb.debian.org/debian bookworm/main amd64 libsasl2-modules-db amd64 2.1.28+dfsg-10 [20.3 kB]
#8 6.732 Get:4 http://deb.debian.org/debian bookworm/main amd64 libsasl2-2 amd64 2.1.28+dfsg-10 [59.7 kB]
#8 6.775 Get:5 http://deb.debian.org/debian bookworm/main amd64 libldap-2.5-0 amd64 2.5.13+dfsg-5 [183 kB]
#8 6.791 Get:6 http://deb.debian.org/debian bookworm/main amd64 libnghttp2-14 amd64 1.52.0-1+deb12u2 [73.0 kB]
#8 6.794 Get:7 http://deb.debian.org/debian bookworm/main amd64 libpsl5 amd64 0.21.2-1 [58.7 kB]
#8 6.798 Get:8 http://deb.debian.org/debian bookworm/main amd64 librtmp1 amd64 2.4+20151223.gitfa8646d.1-2+b2 [60.8 kB]
#8 6.821 Get:9 http://deb.debian.org/debian bookworm/main amd64 libssh2-1 amd64 1.10.0-3+b1 [179 kB]
#8 6.863 Get:10 http://deb.debian.org/debian bookworm/main amd64 libcurl4 amd64 7.88.1-10+deb12u14 [392 kB]
#8 6.925 Get:11 http://deb.debian.org/debian bookworm/main amd64 curl amd64 7.88.1-10+deb12u14 [316 kB]
#8 6.955 Get:12 http://deb.debian.org/debian bookworm/main amd64 libassuan0 amd64 2.5.5-5 [48.5 kB]
#8 6.993 Get:13 http://deb.debian.org/debian bookworm/main amd64 gpgconf amd64 2.2.40-1.1+deb12u2 [565 kB]
#8 7.067 Get:14 http://deb.debian.org/debian bookworm/main amd64 libksba8 amd64 1.6.3-2 [128 kB]
#8 7.079 Get:15 http://deb.debian.org/debian bookworm/main amd64 libnpth0 amd64 1.6-3 [19.0 kB]
#8 7.107 Get:16 http://deb.debian.org/debian bookworm/main amd64 dirmngr amd64 2.2.40-1.1+deb12u2 [793 kB]
#8 7.189 Get:17 http://deb.debian.org/debian bookworm/main amd64 gnupg-l10n all 2.2.40-1.1+deb12u2 [1093 kB]
#8 7.275 Get:18 http://deb.debian.org/debian bookworm/main amd64 gnupg-utils amd64 2.2.40-1.1+deb12u2 [927 kB]
#8 7.332 Get:19 http://deb.debian.org/debian bookworm/main amd64 gpg amd64 2.2.40-1.1+deb12u2 [950 kB]
#8 7.454 Get:20 http://deb.debian.org/debian bookworm/main amd64 pinentry-curses amd64 1.2.1-1 [77.4 kB]
#8 7.485 Get:21 http://deb.debian.org/debian bookworm/main amd64 gpg-agent amd64 2.2.40-1.1+deb12u2 [695 kB]
#8 7.558 Get:22 http://deb.debian.org/debian bookworm/main amd64 gpg-wks-client amd64 2.2.40-1.1+deb12u2 [541 kB]
#8 7.581 Get:23 http://deb.debian.org/debian bookworm/main amd64 gpg-wks-server amd64 2.2.40-1.1+deb12u2 [531 kB]
#8 7.607 Get:24 http://deb.debian.org/debian bookworm/main amd64 gpgsm amd64 2.2.40-1.1+deb12u2 [671 kB]
#8 7.645 Get:25 http://deb.debian.org/debian bookworm/main amd64 gnupg all 2.2.40-1.1+deb12u2 [846 kB]
#8 7.727 Get:26 http://deb.debian.org/debian bookworm/main amd64 gnupg2 all 2.2.40-1.1+deb12u2 [446 kB]
#8 7.787 Get:27 http://deb.debian.org/debian bookworm/main amd64 libltdl7 amd64 2.4.7-7~deb12u1 [393 kB]
#8 7.827 Get:28 http://deb.debian.org/debian bookworm/main amd64 libodbc2 amd64 2.3.11-2+deb12u1 [150 kB]
#8 7.843 Get:29 http://deb.debian.org/debian bookworm/main amd64 libodbccr2 amd64 2.3.11-2+deb12u1 [17.7 kB]
#8 7.845 Get:30 http://deb.debian.org/debian bookworm/main amd64 unixodbc-common all 2.3.11-2+deb12u1 [8172 B]
#8 7.846 Get:31 http://deb.debian.org/debian bookworm/main amd64 libodbcinst2 amd64 2.3.11-2+deb12u1 [34.2 kB]
#8 7.849 Get:32 http://deb.debian.org/debian bookworm/main amd64 unixodbc-dev amd64 2.3.11-2+deb12u1 [231 kB]
#8 8.125 debconf: delaying package configuration, since apt-utils is not installed
#8 8.179 Fetched 10.8 MB in 1s (7766 kB/s)
#8 8.235 Selecting previously unselected package apt-transport-https.
#8 8.235 (Reading database ... 
(Reading database ... 5%
(Reading database ... 10%
(Reading database ... 15%
(Reading database ... 20%
(Reading database ... 25%
(Reading database ... 30%
(Reading database ... 35%
(Reading database ... 40%
(Reading database ... 45%
(Reading database ... 50%
(Reading database ... 55%
(Reading database ... 60%
(Reading database ... 65%
(Reading database ... 70%
(Reading database ... 75%
(Reading database ... 80%
(Reading database ... 85%
(Reading database ... 90%
(Reading database ... 95%
(Reading database ... 100%
(Reading database ... 6695 files and directories currently installed.)
#8 8.280 Preparing to unpack .../00-apt-transport-https_2.6.1_all.deb ...
#8 8.300 Unpacking apt-transport-https (2.6.1) ...
#8 8.413 Selecting previously unselected package libbrotli1:amd64.
#8 8.414 Preparing to unpack .../01-libbrotli1_1.0.9-2+b6_amd64.deb ...
#8 8.449 Unpacking libbrotli1:amd64 (1.0.9-2+b6) ...
#8 8.576 Selecting previously unselected package libsasl2-modules-db:amd64.
#8 8.577 Preparing to unpack .../02-libsasl2-modules-db_2.1.28+dfsg-10_amd64.deb ...
#8 8.592 Unpacking libsasl2-modules-db:amd64 (2.1.28+dfsg-10) ...
#8 8.693 Selecting previously unselected package libsasl2-2:amd64.
#8 8.694 Preparing to unpack .../03-libsasl2-2_2.1.28+dfsg-10_amd64.deb ...
#8 8.709 Unpacking libsasl2-2:amd64 (2.1.28+dfsg-10) ...
#8 8.829 Selecting previously unselected package libldap-2.5-0:amd64.
#8 8.831 Preparing to unpack .../04-libldap-2.5-0_2.5.13+dfsg-5_amd64.deb ...
#8 8.847 Unpacking libldap-2.5-0:amd64 (2.5.13+dfsg-5) ...
#8 8.991 Selecting previously unselected package libnghttp2-14:amd64.
#8 8.992 Preparing to unpack .../05-libnghttp2-14_1.52.0-1+deb12u2_amd64.deb ...
#8 9.006 Unpacking libnghttp2-14:amd64 (1.52.0-1+deb12u2) ...
#8 9.114 Selecting previously unselected package libpsl5:amd64.
#8 9.115 Preparing to unpack .../06-libpsl5_0.21.2-1_amd64.deb ...
#8 9.130 Unpacking libpsl5:amd64 (0.21.2-1) ...
#8 9.251 Selecting previously unselected package librtmp1:amd64.
#8 9.252 Preparing to unpack .../07-librtmp1_2.4+20151223.gitfa8646d.1-2+b2_amd64.deb ...
#8 9.266 Unpacking librtmp1:amd64 (2.4+20151223.gitfa8646d.1-2+b2) ...
#8 9.382 Selecting previously unselected package libssh2-1:amd64.
#8 9.383 Preparing to unpack .../08-libssh2-1_1.10.0-3+b1_amd64.deb ...
#8 9.397 Unpacking libssh2-1:amd64 (1.10.0-3+b1) ...
#8 9.519 Selecting previously unselected package libcurl4:amd64.
#8 9.520 Preparing to unpack .../09-libcurl4_7.88.1-10+deb12u14_amd64.deb ...
#8 9.531 Unpacking libcurl4:amd64 (7.88.1-10+deb12u14) ...
#8 9.648 Selecting previously unselected package curl.
#8 9.648 Preparing to unpack .../10-curl_7.88.1-10+deb12u14_amd64.deb ...
#8 9.664 Unpacking curl (7.88.1-10+deb12u14) ...
#8 9.794 Selecting previously unselected package libassuan0:amd64.
#8 9.795 Preparing to unpack .../11-libassuan0_2.5.5-5_amd64.deb ...
#8 9.809 Unpacking libassuan0:amd64 (2.5.5-5) ...
#8 9.897 Selecting previously unselected package gpgconf.
#8 9.898 Preparing to unpack .../12-gpgconf_2.2.40-1.1+deb12u2_amd64.deb ...
#8 9.912 Unpacking gpgconf (2.2.40-1.1+deb12u2) ...
#8 10.04 Selecting previously unselected package libksba8:amd64.
#8 10.04 Preparing to unpack .../13-libksba8_1.6.3-2_amd64.deb ...
#8 10.06 Unpacking libksba8:amd64 (1.6.3-2) ...
#8 10.16 Selecting previously unselected package libnpth0:amd64.
#8 10.16 Preparing to unpack .../14-libnpth0_1.6-3_amd64.deb ...
#8 10.18 Unpacking libnpth0:amd64 (1.6-3) ...
#8 10.29 Selecting previously unselected package dirmngr.
#8 10.29 Preparing to unpack .../15-dirmngr_2.2.40-1.1+deb12u2_amd64.deb ...
#8 10.33 Unpacking dirmngr (2.2.40-1.1+deb12u2) ...
#8 10.45 Selecting previously unselected package gnupg-l10n.
#8 10.45 Preparing to unpack .../16-gnupg-l10n_2.2.40-1.1+deb12u2_all.deb ...
#8 10.46 Unpacking gnupg-l10n (2.2.40-1.1+deb12u2) ...
#8 10.60 Selecting previously unselected package gnupg-utils.
#8 10.60 Preparing to unpack .../17-gnupg-utils_2.2.40-1.1+deb12u2_amd64.deb ...
#8 10.61 Unpacking gnupg-utils (2.2.40-1.1+deb12u2) ...
#8 10.73 Selecting previously unselected package gpg.
#8 10.73 Preparing to unpack .../18-gpg_2.2.40-1.1+deb12u2_amd64.deb ...
#8 10.75 Unpacking gpg (2.2.40-1.1+deb12u2) ...
#8 10.90 Selecting previously unselected package pinentry-curses.
#8 10.90 Preparing to unpack .../19-pinentry-curses_1.2.1-1_amd64.deb ...
#8 10.92 Unpacking pinentry-curses (1.2.1-1) ...
#8 11.05 Selecting previously unselected package gpg-agent.
#8 11.05 Preparing to unpack .../20-gpg-agent_2.2.40-1.1+deb12u2_amd64.deb ...
#8 11.06 Unpacking gpg-agent (2.2.40-1.1+deb12u2) ...
#8 11.19 Selecting previously unselected package gpg-wks-client.
#8 11.19 Preparing to unpack .../21-gpg-wks-client_2.2.40-1.1+deb12u2_amd64.deb ...
#8 11.21 Unpacking gpg-wks-client (2.2.40-1.1+deb12u2) ...
#8 11.32 Selecting previously unselected package gpg-wks-server.
#8 11.33 Preparing to unpack .../22-gpg-wks-server_2.2.40-1.1+deb12u2_amd64.deb ...
#8 11.34 Unpacking gpg-wks-server (2.2.40-1.1+deb12u2) ...
#8 11.44 Selecting previously unselected package gpgsm.
#8 11.44 Preparing to unpack .../23-gpgsm_2.2.40-1.1+deb12u2_amd64.deb ...
#8 11.46 Unpacking gpgsm (2.2.40-1.1+deb12u2) ...
#8 11.61 Selecting previously unselected package gnupg.
#8 11.61 Preparing to unpack .../24-gnupg_2.2.40-1.1+deb12u2_all.deb ...
#8 11.63 Unpacking gnupg (2.2.40-1.1+deb12u2) ...
#8 11.74 Selecting previously unselected package gnupg2.
#8 11.74 Preparing to unpack .../25-gnupg2_2.2.40-1.1+deb12u2_all.deb ...
#8 11.75 Unpacking gnupg2 (2.2.40-1.1+deb12u2) ...
#8 11.87 Selecting previously unselected package libltdl7:amd64.
#8 11.87 Preparing to unpack .../26-libltdl7_2.4.7-7~deb12u1_amd64.deb ...
#8 11.89 Unpacking libltdl7:amd64 (2.4.7-7~deb12u1) ...
#8 12.00 Selecting previously unselected package libodbc2:amd64.
#8 12.00 Preparing to unpack .../27-libodbc2_2.3.11-2+deb12u1_amd64.deb ...
#8 12.02 Unpacking libodbc2:amd64 (2.3.11-2+deb12u1) ...
#8 12.14 Selecting previously unselected package libodbccr2:amd64.
#8 12.14 Preparing to unpack .../28-libodbccr2_2.3.11-2+deb12u1_amd64.deb ...
#8 12.16 Unpacking libodbccr2:amd64 (2.3.11-2+deb12u1) ...
#8 12.27 Selecting previously unselected package unixodbc-common.
#8 12.27 Preparing to unpack .../29-unixodbc-common_2.3.11-2+deb12u1_all.deb ...
#8 12.28 Unpacking unixodbc-common (2.3.11-2+deb12u1) ...
#8 12.38 Selecting previously unselected package libodbcinst2:amd64.
#8 12.38 Preparing to unpack .../30-libodbcinst2_2.3.11-2+deb12u1_amd64.deb ...
#8 12.40 Unpacking libodbcinst2:amd64 (2.3.11-2+deb12u1) ...
#8 12.49 Selecting previously unselected package unixodbc-dev:amd64.
#8 12.49 Preparing to unpack .../31-unixodbc-dev_2.3.11-2+deb12u1_amd64.deb ...
#8 12.50 Unpacking unixodbc-dev:amd64 (2.3.11-2+deb12u1) ...
#8 12.63 Setting up libksba8:amd64 (1.6.3-2) ...
#8 12.67 Setting up libpsl5:amd64 (0.21.2-1) ...
#8 12.71 Setting up apt-transport-https (2.6.1) ...
#8 12.76 Setting up libbrotli1:amd64 (1.0.9-2+b6) ...
#8 12.83 Setting up libnghttp2-14:amd64 (1.52.0-1+deb12u2) ...
#8 12.87 Setting up libnpth0:amd64 (1.6-3) ...
#8 12.91 Setting up libassuan0:amd64 (2.5.5-5) ...
#8 12.96 Setting up libsasl2-modules-db:amd64 (2.1.28+dfsg-10) ...
#8 12.99 Setting up gnupg-l10n (2.2.40-1.1+deb12u2) ...
#8 13.04 Setting up librtmp1:amd64 (2.4+20151223.gitfa8646d.1-2+b2) ...
#8 13.09 Setting up unixodbc-common (2.3.11-2+deb12u1) ...
#8 13.15 Setting up libltdl7:amd64 (2.4.7-7~deb12u1) ...
#8 13.19 Setting up libsasl2-2:amd64 (2.1.28+dfsg-10) ...
#8 13.24 Setting up libodbc2:amd64 (2.3.11-2+deb12u1) ...
#8 13.27 Setting up gpgconf (2.2.40-1.1+deb12u2) ...
#8 13.31 Setting up libssh2-1:amd64 (1.10.0-3+b1) ...
#8 13.38 Setting up gpg (2.2.40-1.1+deb12u2) ...
#8 13.42 Setting up libodbccr2:amd64 (2.3.11-2+deb12u1) ...
#8 13.48 Setting up gnupg-utils (2.2.40-1.1+deb12u2) ...
#8 13.52 Setting up pinentry-curses (1.2.1-1) ...
#8 13.60 Setting up libodbcinst2:amd64 (2.3.11-2+deb12u1) ...
#8 13.65 Setting up gpg-agent (2.2.40-1.1+deb12u2) ...
#8 14.27 Setting up gpgsm (2.2.40-1.1+deb12u2) ...
#8 14.31 Setting up libldap-2.5-0:amd64 (2.5.13+dfsg-5) ...
#8 14.36 Setting up dirmngr (2.2.40-1.1+deb12u2) ...
#8 14.53 Setting up gpg-wks-server (2.2.40-1.1+deb12u2) ...
#8 14.57 Setting up libcurl4:amd64 (7.88.1-10+deb12u14) ...
#8 14.62 Setting up curl (7.88.1-10+deb12u14) ...
#8 14.66 Setting up unixodbc-dev:amd64 (2.3.11-2+deb12u1) ...
#8 14.71 Setting up gpg-wks-client (2.2.40-1.1+deb12u2) ...
#8 14.75 Setting up gnupg (2.2.40-1.1+deb12u2) ...
#8 14.81 Setting up gnupg2 (2.2.40-1.1+deb12u2) ...
#8 14.86 Processing triggers for libc-bin (2.36-9+deb12u13) ...
#8 15.57   % Total    % Received % Xferd  Average Speed   Time    Time     Time  Current
#8 15.57                                  Dload  Upload   Total   Spent    Left  Speed
#8 15.57 
  0     0    0     0    0     0      0      0 --:--:-- --:--:-- --:--:--     0
100   138  100   138    0     0    575      0 --:--:-- --:--:-- --:--:--   577
#8 16.01 Hit:1 http://deb.debian.org/debian bookworm InRelease
#8 16.05 Hit:2 http://deb.debian.org/debian bookworm-updates InRelease
#8 16.10 Hit:3 http://deb.debian.org/debian-security bookworm-security InRelease
#8 16.55 Get:4 https://packages.microsoft.com/debian/12/prod bookworm InRelease [3618 B]
#8 16.68 Get:5 https://packages.microsoft.com/debian/12/prod bookworm/main armhf Packages [18.1 kB]
#8 16.74 Get:6 https://packages.microsoft.com/debian/12/prod bookworm/main arm64 Packages [76.4 kB]
#8 16.79 Get:7 https://packages.microsoft.com/debian/12/prod bookworm/main amd64 Packages [179 kB]
#8 16.84 Get:8 https://packages.microsoft.com/debian/12/prod bookworm/main all Packages [573 B]
#8 16.86 Fetched 278 kB in 1s (275 kB/s)
#8 16.86 Reading package lists...
#8 17.68 Reading package lists...
#8 18.34 Building dependency tree...
#8 18.52 Reading state information...
#8 18.82 The following additional packages will be installed:
#8 18.82   odbcinst unixodbc
#8 18.90 The following NEW packages will be installed:
#8 18.90   msodbcsql17 msodbcsql18 odbcinst unixodbc
#8 19.05 0 upgraded, 4 newly installed, 0 to remove and 0 not upgraded.
#8 19.05 Need to get 1614 kB of archives.
#8 19.05 After this operation, 143 kB of additional disk space will be used.
#8 19.05 Get:1 http://deb.debian.org/debian bookworm/main amd64 odbcinst amd64 2.3.11-2+deb12u1 [12.1 kB]
#8 19.09 Get:2 http://deb.debian.org/debian bookworm/main amd64 unixodbc amd64 2.3.11-2+deb12u1 [28.0 kB]
#8 19.25 Get:3 https://packages.microsoft.com/debian/12/prod bookworm/main amd64 msodbcsql17 amd64 17.11.1.1-1 [776 kB]
#8 19.43 Get:4 https://packages.microsoft.com/debian/12/prod bookworm/main amd64 msodbcsql18 amd64 18.6.2.1-1 [798 kB]
#8 19.63 debconf: delaying package configuration, since apt-utils is not installed
#8 19.67 Fetched 1614 kB in 1s (2814 kB/s)
#8 19.72 Selecting previously unselected package odbcinst.
#8 19.72 (Reading database ... 
(Reading database ... 5%
(Reading database ... 10%
(Reading database ... 15%
(Reading database ... 20%
(Reading database ... 25%
(Reading database ... 30%
(Reading database ... 35%
(Reading database ... 40%
(Reading database ... 45%
(Reading database ... 50%
(Reading database ... 55%
(Reading database ... 60%
(Reading database ... 65%
(Reading database ... 70%
(Reading database ... 75%
(Reading database ... 80%
(Reading database ... 85%
(Reading database ... 90%
(Reading database ... 95%
(Reading database ... 100%
(Reading database ... 7100 files and directories currently installed.)
#8 19.76 Preparing to unpack .../odbcinst_2.3.11-2+deb12u1_amd64.deb ...
#8 19.83 Unpacking odbcinst (2.3.11-2+deb12u1) ...
#8 19.96 Selecting previously unselected package unixodbc.
#8 19.96 Preparing to unpack .../unixodbc_2.3.11-2+deb12u1_amd64.deb ...
#8 19.98 Unpacking unixodbc (2.3.11-2+deb12u1) ...
#8 20.13 Selecting previously unselected package msodbcsql17.
#8 20.13 Preparing to unpack .../msodbcsql17_17.11.1.1-1_amd64.deb ...
#8 20.25 debconf: unable to initialize frontend: Dialog
#8 20.25 debconf: (TERM is not set, so the dialog frontend is not usable.)
#8 20.25 debconf: falling back to frontend: Readline
#8 20.25 debconf: unable to initialize frontend: Readline
#8 20.25 debconf: (Can't locate Term/ReadLine.pm in @INC (you may need to install the Term::ReadLine module) (@INC contains: /etc/perl /usr/local/lib/x86_64-linux-gnu/perl/5.36.0 /usr/local/share/perl/5.36.0 /usr/lib/x86_64-linux-gnu/perl5/5.36 /usr/share/perl5 /usr/lib/x86_64-linux-gnu/perl-base /usr/lib/x86_64-linux-gnu/perl/5.36 /usr/share/perl/5.36 /usr/local/lib/site_perl) at /usr/share/perl5/Debconf/FrontEnd/Readline.pm line 7.)
#8 20.25 debconf: falling back to frontend: Teletype
#8 20.30 Unpacking msodbcsql17 (17.11.1.1-1) ...
#8 20.51 Selecting previously unselected package msodbcsql18.
#8 20.51 Preparing to unpack .../msodbcsql18_18.6.2.1-1_amd64.deb ...
#8 20.61 debconf: unable to initialize frontend: Dialog
#8 20.61 debconf: (TERM is not set, so the dialog frontend is not usable.)
#8 20.61 debconf: falling back to frontend: Readline
#8 20.61 debconf: unable to initialize frontend: Readline
#8 20.61 debconf: (Can't locate Term/ReadLine.pm in @INC (you may need to install the Term::ReadLine module) (@INC contains: /etc/perl /usr/local/lib/x86_64-linux-gnu/perl/5.36.0 /usr/local/share/perl/5.36.0 /usr/lib/x86_64-linux-gnu/perl5/5.36 /usr/share/perl5 /usr/lib/x86_64-linux-gnu/perl-base /usr/lib/x86_64-linux-gnu/perl/5.36 /usr/share/perl/5.36 /usr/local/lib/site_perl) at /usr/share/perl5/Debconf/FrontEnd/Readline.pm line 7.)
#8 20.61 debconf: falling back to frontend: Teletype
#8 20.65 Unpacking msodbcsql18 (18.6.2.1-1) ...
#8 20.84 Setting up odbcinst (2.3.11-2+deb12u1) ...
#8 20.91 Setting up unixodbc (2.3.11-2+deb12u1) ...
#8 20.96 Setting up msodbcsql18 (18.6.2.1-1) ...
#8 20.99 odbcinst: Driver installed. Usage count increased to 1. 
#8 20.99     Target directory is /etc
#8 21.00 Setting up msodbcsql17 (17.11.1.1-1) ...
#8 21.04 odbcinst: Driver installed. Usage count increased to 1. 
#8 21.04     Target directory is /etc
#8 DONE 21.2s

#9 [4/8] RUN groupadd -r appuser && useradd -r -g appuser -d /app appuser
#9 DONE 0.6s

#10 [5/8] COPY requirements.txt .
#10 DONE 0.1s

#11 [6/8] RUN pip install --no-cache-dir -r requirements.txt
#11 2.589 Ignoring pywin32: markers 'sys_platform == "win32"' don't match your environment
#11 2.590 Ignoring pywin32-ctypes: markers 'sys_platform == "win32"' don't match your environment
#11 2.946 Collecting psutil==7.2.2 (from -r requirements.txt (line 2))
#11 3.273   Downloading psutil-7.2.2-cp36-abi3-manylinux2010_x86_64.manylinux_2_12_x86_64.manylinux_2_28_x86_64.whl.metadata (22 kB)
#11 3.328 Collecting azure-storage-blob==12.19.1 (from -r requirements.txt (line 4))
#11 3.370   Downloading azure_storage_blob-12.19.1-py3-none-any.whl.metadata (26 kB)
#11 3.420 Collecting aiofile==3.9.0 (from -r requirements.txt (line 5))
#11 3.461   Downloading aiofile-3.9.0-py3-none-any.whl.metadata (14 kB)
#11 3.492 Collecting annotated-doc==0.0.4 (from -r requirements.txt (line 6))
#11 3.533   Downloading annotated_doc-0.0.4-py3-none-any.whl.metadata (6.6 kB)
#11 3.565 Collecting annotated-types==0.7.0 (from -r requirements.txt (line 7))
#11 3.609   Downloading annotated_types-0.7.0-py3-none-any.whl.metadata (15 kB)
#11 3.658 Collecting anyio==4.12.1 (from -r requirements.txt (line 8))
#11 3.700   Downloading anyio-4.12.1-py3-none-any.whl.metadata (4.3 kB)
#11 3.737 Collecting attrs==25.4.0 (from -r requirements.txt (line 9))
#11 3.779   Downloading attrs-25.4.0-py3-none-any.whl.metadata (10 kB)
#11 3.823 Collecting Authlib==1.6.8 (from -r requirements.txt (line 10))
#11 3.868   Downloading authlib-1.6.8-py2.py3-none-any.whl.metadata (9.8 kB)
#11 3.938 Collecting bcrypt==5.0.0 (from -r requirements.txt (line 11))
#11 3.981   Downloading bcrypt-5.0.0-cp39-abi3-manylinux_2_34_x86_64.whl.metadata (10 kB)
#11 4.045 Collecting beartype==0.22.9 (from -r requirements.txt (line 12))
#11 4.090   Downloading beartype-0.22.9-py3-none-any.whl.metadata (37 kB)
#11 4.161 Collecting cachetools==7.0.1 (from -r requirements.txt (line 13))
#11 4.204   Downloading cachetools-7.0.1-py3-none-any.whl.metadata (5.6 kB)
#11 4.261 Collecting caio==0.9.25 (from -r requirements.txt (line 14))
#11 4.304   Downloading caio-0.9.25-cp312-cp312-manylinux_2_34_x86_64.whl.metadata (3.3 kB)
#11 4.343 Collecting certifi==2026.1.4 (from -r requirements.txt (line 15))
#11 4.385   Downloading certifi-2026.1.4-py3-none-any.whl.metadata (2.5 kB)
#11 4.505 Collecting cffi==2.0.0 (from -r requirements.txt (line 16))
#11 4.547   Downloading cffi-2.0.0-cp312-cp312-manylinux2014_x86_64.manylinux_2_17_x86_64.whl.metadata (2.6 kB)
#11 4.655 Collecting charset-normalizer==3.4.4 (from -r requirements.txt (line 17))
#11 4.695   Downloading charset_normalizer-3.4.4-cp312-cp312-manylinux2014_x86_64.manylinux_2_17_x86_64.manylinux_2_28_x86_64.whl.metadata (37 kB)
#11 4.742 Collecting click==8.3.1 (from -r requirements.txt (line 18))
#11 4.784   Downloading click-8.3.1-py3-none-any.whl.metadata (2.6 kB)
#11 4.823 Collecting cloudpickle==3.1.2 (from -r requirements.txt (line 19))
#11 4.870   Downloading cloudpickle-3.1.2-py3-none-any.whl.metadata (7.1 kB)
#11 4.905 Collecting colorama==0.4.6 (from -r requirements.txt (line 20))
#11 4.947   Downloading colorama-0.4.6-py2.py3-none-any.whl.metadata (17 kB)
#11 4.997 Collecting croniter==6.0.0 (from -r requirements.txt (line 21))
#11 5.039   Downloading croniter-6.0.0-py2.py3-none-any.whl.metadata (32 kB)
#11 5.256 Collecting cryptography==46.0.5 (from -r requirements.txt (line 22))
#11 5.299   Downloading cryptography-46.0.5-cp311-abi3-manylinux_2_34_x86_64.whl.metadata (5.7 kB)
#11 5.350 Collecting cyclopts==4.5.4 (from -r requirements.txt (line 23))
#11 5.391   Downloading cyclopts-4.5.4-py3-none-any.whl.metadata (12 kB)
#11 5.435 Collecting diskcache==5.6.3 (from -r requirements.txt (line 24))
#11 5.477   Downloading diskcache-5.6.3-py3-none-any.whl.metadata (20 kB)
#11 5.515 Collecting dnspython==2.8.0 (from -r requirements.txt (line 25))
#11 5.555   Downloading dnspython-2.8.0-py3-none-any.whl.metadata (5.7 kB)
#11 5.593 Collecting docker==7.1.0 (from -r requirements.txt (line 26))
#11 5.636   Downloading docker-7.1.0-py3-none-any.whl.metadata (3.8 kB)
#11 5.666 Collecting docstring_parser==0.17.0 (from -r requirements.txt (line 27))
#11 5.709   Downloading docstring_parser-0.17.0-py3-none-any.whl.metadata (3.5 kB)
#11 5.744 Collecting docutils==0.22.4 (from -r requirements.txt (line 28))
#11 5.790   Downloading docutils-0.22.4-py3-none-any.whl.metadata (15 kB)
#11 5.829 Collecting email-validator==2.3.0 (from -r requirements.txt (line 29))
#11 5.871   Downloading email_validator-2.3.0-py3-none-any.whl.metadata (26 kB)
#11 5.913 Collecting exceptiongroup==1.3.1 (from -r requirements.txt (line 30))
#11 5.955   Downloading exceptiongroup-1.3.1-py3-none-any.whl.metadata (6.7 kB)
#11 6.012 Collecting fakeredis==2.35.1 (from -r requirements.txt (line 31))
#11 6.054   Downloading fakeredis-2.35.1-py3-none-any.whl.metadata (4.6 kB)
#11 6.107 Collecting fastmcp==3.2.4 (from fastmcp[tasks]==3.2.4->-r requirements.txt (line 32))
#11 6.148   Downloading fastmcp-3.2.4-py3-none-any.whl.metadata (8.1 kB)
#11 6.180 Collecting griffelib==2.0.2 (from -r requirements.txt (line 33))
#11 6.222   Downloading griffelib-2.0.2-py3-none-any.whl.metadata (1.3 kB)
#11 6.252 Collecting h11==0.16.0 (from -r requirements.txt (line 34))
#11 6.294   Downloading h11-0.16.0-py3-none-any.whl.metadata (8.3 kB)
#11 6.334 Collecting httpcore==1.0.9 (from -r requirements.txt (line 35))
#11 6.375   Downloading httpcore-1.0.9-py3-none-any.whl.metadata (21 kB)
#11 6.424 Collecting httpx==0.28.1 (from -r requirements.txt (line 36))
#11 6.466   Downloading httpx-0.28.1-py3-none-any.whl.metadata (7.1 kB)
#11 6.499 Collecting httpx-sse==0.4.3 (from -r requirements.txt (line 37))
#11 6.542   Downloading httpx_sse-0.4.3-py3-none-any.whl.metadata (9.7 kB)
#11 6.578 Collecting idna==3.11 (from -r requirements.txt (line 38))
#11 6.623   Downloading idna-3.11-py3-none-any.whl.metadata (8.4 kB)
#11 6.674 Collecting importlib_metadata==8.7.1 (from -r requirements.txt (line 39))
#11 6.718   Downloading importlib_metadata-8.7.1-py3-none-any.whl.metadata (4.7 kB)
#11 6.754 Collecting iniconfig==2.3.0 (from -r requirements.txt (line 40))
#11 6.798   Downloading iniconfig-2.3.0-py3-none-any.whl.metadata (2.5 kB)
#11 6.842 Collecting invoke==2.2.1 (from -r requirements.txt (line 41))
#11 6.887   Downloading invoke-2.2.1-py3-none-any.whl.metadata (3.3 kB)
#11 6.924 Collecting itsdangerous==2.2.0 (from -r requirements.txt (line 42))
#11 6.968   Downloading itsdangerous-2.2.0-py3-none-any.whl.metadata (1.9 kB)
#11 7.031 Collecting jaraco.classes==3.4.0 (from -r requirements.txt (line 43))
#11 7.075   Downloading jaraco.classes-3.4.0-py3-none-any.whl.metadata (2.6 kB)
#11 7.109 Collecting jaraco.context==6.1.0 (from -r requirements.txt (line 44))
#11 7.150   Downloading jaraco_context-6.1.0-py3-none-any.whl.metadata (4.3 kB)
#11 7.190 Collecting jaraco.functools==4.4.0 (from -r requirements.txt (line 45))
#11 7.233   Downloading jaraco_functools-4.4.0-py3-none-any.whl.metadata (3.0 kB)
#11 7.265 Collecting jsonref==1.1.0 (from -r requirements.txt (line 46))
#11 7.306   Downloading jsonref-1.1.0-py3-none-any.whl.metadata (2.7 kB)
#11 7.350 Collecting jsonschema==4.26.0 (from -r requirements.txt (line 47))
#11 7.393   Downloading jsonschema-4.26.0-py3-none-any.whl.metadata (7.6 kB)
#11 7.425 Collecting jsonschema-path==0.4.1 (from -r requirements.txt (line 48))
#11 7.464   Downloading jsonschema_path-0.4.1-py3-none-any.whl.metadata (5.3 kB)
#11 7.496 Collecting jsonschema-specifications==2025.9.1 (from -r requirements.txt (line 49))
#11 7.538   Downloading jsonschema_specifications-2025.9.1-py3-none-any.whl.metadata (2.9 kB)
#11 7.590 Collecting keyring==25.7.0 (from -r requirements.txt (line 50))
#11 7.630   Downloading keyring-25.7.0-py3-none-any.whl.metadata (21 kB)
#11 7.719 Collecting lupa==2.6 (from -r requirements.txt (line 51))
#11 7.763   Downloading lupa-2.6-cp312-cp312-manylinux2014_x86_64.manylinux_2_17_x86_64.manylinux_2_28_x86_64.whl.metadata (58 kB)
#11 7.815 Collecting markdown-it-py==4.0.0 (from -r requirements.txt (line 52))
#11 7.856   Downloading markdown_it_py-4.0.0-py3-none-any.whl.metadata (7.3 kB)
#11 7.895 Collecting mcp==1.26.0 (from -r requirements.txt (line 53))
#11 7.938   Downloading mcp-1.26.0-py3-none-any.whl.metadata (89 kB)
#11 8.007 Collecting mdurl==0.1.2 (from -r requirements.txt (line 54))
#11 8.047   Downloading mdurl-0.1.2-py3-none-any.whl.metadata (1.6 kB)
#11 8.087 Collecting more-itertools==10.8.0 (from -r requirements.txt (line 55))
#11 8.131   Downloading more_itertools-10.8.0-py3-none-any.whl.metadata (39 kB)
#11 8.346 Collecting numpy==2.4.2 (from -r requirements.txt (line 56))
#11 8.387   Downloading numpy-2.4.2-cp312-cp312-manylinux_2_27_x86_64.manylinux_2_28_x86_64.whl.metadata (6.6 kB)
#11 8.419 Collecting openapi-pydantic==0.5.1 (from -r requirements.txt (line 57))
#11 8.461   Downloading openapi_pydantic-0.5.1-py3-none-any.whl.metadata (10 kB)
#11 8.498 Collecting opentelemetry-api==1.39.1 (from -r requirements.txt (line 58))
#11 8.540   Downloading opentelemetry_api-1.39.1-py3-none-any.whl.metadata (1.5 kB)
#11 8.582 Collecting packaging==26.0 (from -r requirements.txt (line 59))
#11 8.630   Downloading packaging-26.0-py3-none-any.whl.metadata (3.3 kB)
#11 8.754 Collecting pandas==3.0.1 (from -r requirements.txt (line 60))
#11 8.796   Downloading pandas-3.0.1-cp312-cp312-manylinux_2_24_x86_64.manylinux_2_28_x86_64.whl.metadata (79 kB)
#11 8.894 Collecting paramiko==4.0.0 (from -r requirements.txt (line 61))
#11 8.937   Downloading paramiko-4.0.0-py3-none-any.whl.metadata (3.9 kB)
#11 8.972 Collecting pathable==0.5.0 (from -r requirements.txt (line 62))
#11 9.017   Downloading pathable-0.5.0-py3-none-any.whl.metadata (5.9 kB)
#11 9.057 Collecting pathvalidate==3.3.1 (from -r requirements.txt (line 63))
#11 9.098   Downloading pathvalidate-3.3.1-py3-none-any.whl.metadata (12 kB)
#11 9.139 Collecting platformdirs==4.9.2 (from -r requirements.txt (line 64))
#11 9.178   Downloading platformdirs-4.9.2-py3-none-any.whl.metadata (4.7 kB)
#11 9.209 Collecting pluggy==1.6.0 (from -r requirements.txt (line 65))
#11 9.250   Downloading pluggy-1.6.0-py3-none-any.whl.metadata (4.8 kB)
#11 9.284 Collecting prometheus_client==0.24.1 (from -r requirements.txt (line 66))
#11 9.326   Downloading prometheus_client-0.24.1-py3-none-any.whl.metadata (2.1 kB)
#11 9.358 Collecting py-key-value-aio==0.4.4 (from -r requirements.txt (line 67))
#11 9.399   Downloading py_key_value_aio-0.4.4-py3-none-any.whl.metadata (15 kB)
#11 9.440 Collecting py-key-value-shared==0.3.0 (from -r requirements.txt (line 68))
#11 9.482   Downloading py_key_value_shared-0.3.0-py3-none-any.whl.metadata (706 bytes)
#11 9.513 Collecting pycparser==3.0 (from -r requirements.txt (line 69))
#11 9.555   Downloading pycparser-3.0-py3-none-any.whl.metadata (8.2 kB)
#11 9.723 Collecting pydantic==2.12.5 (from -r requirements.txt (line 70))
#11 9.766   Downloading pydantic-2.12.5-py3-none-any.whl.metadata (90 kB)
#11 9.818 Collecting pydantic-settings==2.13.1 (from -r requirements.txt (line 71))
#11 9.861   Downloading pydantic_settings-2.13.1-py3-none-any.whl.metadata (3.4 kB)
#11 10.60 Collecting pydantic_core==2.41.5 (from -r requirements.txt (line 72))
#11 10.65   Downloading pydantic_core-2.41.5-cp312-cp312-manylinux_2_17_x86_64.manylinux2014_x86_64.whl.metadata (7.3 kB)
#11 10.69 Collecting pydocket>=0.18.0 (from -r requirements.txt (line 73))
#11 10.73   Downloading pydocket-0.19.2-py3-none-any.whl.metadata (6.8 kB)
#11 10.78 Collecting Pygments==2.19.2 (from -r requirements.txt (line 74))
#11 10.83   Downloading pygments-2.19.2-py3-none-any.whl.metadata (2.5 kB)
#11 10.91 Collecting PyJWT==2.11.0 (from -r requirements.txt (line 75))
#11 10.95   Downloading pyjwt-2.11.0-py3-none-any.whl.metadata (4.0 kB)
#11 10.99 Collecting PyNaCl==1.6.2 (from -r requirements.txt (line 76))
#11 11.04   Downloading pynacl-1.6.2-cp38-abi3-manylinux_2_34_x86_64.whl.metadata (10.0 kB)
#11 11.12 Collecting pyodbc==5.3.0 (from -r requirements.txt (line 77))
#11 11.16   Downloading pyodbc-5.3.0-cp312-cp312-manylinux2014_x86_64.manylinux_2_17_x86_64.manylinux_2_28_x86_64.whl.metadata (2.7 kB)
#11 11.19 Collecting pyperclip==1.11.0 (from -r requirements.txt (line 78))
#11 11.23   Downloading pyperclip-1.11.0-py3-none-any.whl.metadata (2.4 kB)
#11 11.29 Collecting pytest==9.0.2 (from -r requirements.txt (line 79))
#11 11.34   Downloading pytest-9.0.2-py3-none-any.whl.metadata (7.6 kB)
#11 11.38 Collecting pytest-asyncio==1.3.0 (from -r requirements.txt (line 80))
#11 11.42   Downloading pytest_asyncio-1.3.0-py3-none-any.whl.metadata (4.1 kB)
#11 11.45 Collecting python-dateutil==2.9.0.post0 (from -r requirements.txt (line 81))
#11 11.50   Downloading python_dateutil-2.9.0.post0-py2.py3-none-any.whl.metadata (8.4 kB)
#11 11.53 Collecting python-dotenv==1.2.1 (from -r requirements.txt (line 82))
#11 11.58   Downloading python_dotenv-1.2.1-py3-none-any.whl.metadata (25 kB)
#11 11.61 Collecting python-json-logger==4.0.0 (from -r requirements.txt (line 83))
#11 11.66   Downloading python_json_logger-4.0.0-py3-none-any.whl.metadata (4.0 kB)
#11 11.69 Collecting python-multipart==0.0.22 (from -r requirements.txt (line 84))
#11 11.73   Downloading python_multipart-0.0.22-py3-none-any.whl.metadata (1.8 kB)
#11 11.79 Collecting pytz==2025.2 (from -r requirements.txt (line 85))
#11 11.83   Downloading pytz-2025.2-py2.py3-none-any.whl.metadata (22 kB)
#11 11.90 Collecting PyYAML==6.0.3 (from -r requirements.txt (line 88))
#11 11.94   Downloading pyyaml-6.0.3-cp312-cp312-manylinux2014_x86_64.manylinux_2_17_x86_64.manylinux_2_28_x86_64.whl.metadata (2.4 kB)
#11 11.99 Collecting redis==7.2.0 (from -r requirements.txt (line 89))
#11 12.03   Downloading redis-7.2.0-py3-none-any.whl.metadata (12 kB)
#11 12.09 Collecting referencing==0.37.0 (from -r requirements.txt (line 90))
#11 12.13   Downloading referencing-0.37.0-py3-none-any.whl.metadata (2.8 kB)
#11 12.18 Collecting requests==2.32.5 (from -r requirements.txt (line 91))
#11 12.22   Downloading requests-2.32.5-py3-none-any.whl.metadata (4.9 kB)
#11 12.30 Collecting rich==14.3.3 (from -r requirements.txt (line 92))
#11 12.34   Downloading rich-14.3.3-py3-none-any.whl.metadata (18 kB)
#11 12.38 Collecting rich-rst==1.3.2 (from -r requirements.txt (line 93))
#11 12.42   Downloading rich_rst-1.3.2-py3-none-any.whl.metadata (6.1 kB)
#11 12.71 Collecting rpds-py==0.30.0 (from -r requirements.txt (line 94))
#11 12.76   Downloading rpds_py-0.30.0-cp312-cp312-manylinux_2_17_x86_64.manylinux2014_x86_64.whl.metadata (4.1 kB)
#11 13.16 Collecting ruff==0.15.2 (from -r requirements.txt (line 95))
#11 13.21   Downloading ruff-0.15.2-py3-none-manylinux_2_17_x86_64.manylinux2014_x86_64.whl.metadata (26 kB)
#11 13.25 Collecting shellingham==1.5.4 (from -r requirements.txt (line 96))
#11 13.29   Downloading shellingham-1.5.4-py2.py3-none-any.whl.metadata (3.5 kB)
#11 13.32 Collecting six==1.17.0 (from -r requirements.txt (line 97))
#11 13.37   Downloading six-1.17.0-py2.py3-none-any.whl.metadata (1.7 kB)
#11 13.40 Collecting sortedcontainers==2.4.0 (from -r requirements.txt (line 98))
#11 13.44   Downloading sortedcontainers-2.4.0-py2.py3-none-any.whl.metadata (10 kB)
#11 13.48 Collecting sse-starlette==3.2.0 (from -r requirements.txt (line 99))
#11 13.52   Downloading sse_starlette-3.2.0-py3-none-any.whl.metadata (12 kB)
#11 13.56 Collecting sshtunnel==0.4.0 (from -r requirements.txt (line 100))
#11 13.61   Downloading sshtunnel-0.4.0-py2.py3-none-any.whl.metadata (19 kB)
#11 13.67 Collecting starlette==0.52.1 (from -r requirements.txt (line 101))
#11 13.71   Downloading starlette-0.52.1-py3-none-any.whl.metadata (6.3 kB)
#11 13.76 Collecting typer==0.24.1 (from -r requirements.txt (line 102))
#11 13.80   Downloading typer-0.24.1-py3-none-any.whl.metadata (16 kB)
#11 13.84 Collecting typing-inspection==0.4.2 (from -r requirements.txt (line 103))
#11 13.88   Downloading typing_inspection-0.4.2-py3-none-any.whl.metadata (2.6 kB)
#11 13.92 Collecting typing_extensions==4.15.0 (from -r requirements.txt (line 104))
#11 13.96   Downloading typing_extensions-4.15.0-py3-none-any.whl.metadata (3.3 kB)
#11 13.99 Collecting tzdata==2025.3 (from -r requirements.txt (line 105))
#11 14.04   Downloading tzdata-2025.3-py2.py3-none-any.whl.metadata (1.4 kB)
#11 14.09 Collecting urllib3==2.6.3 (from -r requirements.txt (line 106))
#11 14.13   Downloading urllib3-2.6.3-py3-none-any.whl.metadata (6.9 kB)
#11 14.18 Collecting uvicorn==0.41.0 (from -r requirements.txt (line 107))
#11 14.22   Downloading uvicorn-0.41.0-py3-none-any.whl.metadata (6.7 kB)
#11 14.30 Collecting watchfiles==1.1.1 (from -r requirements.txt (line 108))
#11 14.35   Downloading watchfiles-1.1.1-cp312-cp312-manylinux_2_17_x86_64.manylinux2014_x86_64.whl.metadata (4.9 kB)
#11 14.46 Collecting websockets==16.0 (from -r requirements.txt (line 109))
#11 14.50   Downloading websockets-16.0-cp312-cp312-manylinux1_x86_64.manylinux_2_28_x86_64.manylinux_2_5_x86_64.whl.metadata (6.8 kB)
#11 14.55 Collecting zipp==3.23.0 (from -r requirements.txt (line 110))
#11 14.59   Downloading zipp-3.23.0-py3-none-any.whl.metadata (3.6 kB)
#11 14.64 Collecting azure-core<2.0.0,>=1.28.0 (from azure-storage-blob==12.19.1->-r requirements.txt (line 4))
#11 14.68   Downloading azure_core-1.40.0-py3-none-any.whl.metadata (49 kB)
#11 14.74 Collecting isodate>=0.6.1 (from azure-storage-blob==12.19.1->-r requirements.txt (line 4))
#11 14.79   Downloading isodate-0.7.2-py3-none-any.whl.metadata (11 kB)
#11 15.07 Collecting uncalled-for>=0.2.0 (from fastmcp==3.2.4->fastmcp[tasks]==3.2.4->-r requirements.txt (line 32))
#11 15.12   Downloading uncalled_for-0.3.1-py3-none-any.whl.metadata (2.9 kB)
#11 15.24 Collecting SecretStorage>=3.2 (from keyring==25.7.0->-r requirements.txt (line 50))
#11 15.29   Downloading secretstorage-3.5.0-py3-none-any.whl.metadata (4.0 kB)
#11 15.32 Collecting jeepney>=0.4.2 (from keyring==25.7.0->-r requirements.txt (line 50))
#11 15.36   Downloading jeepney-0.9.0-py3-none-any.whl.metadata (1.2 kB)
#11 15.86 Collecting cronsim>=2.6 (from pydocket>=0.18.0->-r requirements.txt (line 73))
#11 15.91   Downloading cronsim-2.7-py3-none-any.whl.metadata (6.9 kB)
#11 16.14 Downloading psutil-7.2.2-cp36-abi3-manylinux2010_x86_64.manylinux_2_12_x86_64.manylinux_2_28_x86_64.whl (155 kB)
#11 16.20 Downloading azure_storage_blob-12.19.1-py3-none-any.whl (394 kB)
#11 16.30 Downloading aiofile-3.9.0-py3-none-any.whl (19 kB)
#11 16.35 Downloading annotated_doc-0.0.4-py3-none-any.whl (5.3 kB)
#11 16.40 Downloading annotated_types-0.7.0-py3-none-any.whl (13 kB)
#11 16.44 Downloading anyio-4.12.1-py3-none-any.whl (113 kB)
#11 16.50 Downloading attrs-25.4.0-py3-none-any.whl (67 kB)
#11 16.57 Downloading authlib-1.6.8-py2.py3-none-any.whl (244 kB)
#11 16.66 Downloading bcrypt-5.0.0-cp39-abi3-manylinux_2_34_x86_64.whl (278 kB)
#11 16.74 Downloading beartype-0.22.9-py3-none-any.whl (1.3 MB)
#11 16.93    ΓöüΓöüΓöüΓöüΓöüΓöüΓöüΓöüΓöüΓöüΓöüΓöüΓöüΓöüΓöüΓöüΓöüΓöüΓöüΓöüΓöüΓöüΓöüΓöüΓöüΓöüΓöüΓöüΓöüΓöüΓöüΓöüΓöüΓöüΓöüΓöüΓöüΓöüΓöüΓöü 1.3/1.3 MB 7.3 MB/s eta 0:00:00
#11 16.98 Downloading cachetools-7.0.1-py3-none-any.whl (13 kB)
#11 17.03 Downloading caio-0.9.25-cp312-cp312-manylinux_2_34_x86_64.whl (80 kB)
#11 17.09 Downloading certifi-2026.1.4-py3-none-any.whl (152 kB)
#11 17.16 Downloading cffi-2.0.0-cp312-cp312-manylinux2014_x86_64.manylinux_2_17_x86_64.whl (219 kB)
#11 17.22 Downloading charset_normalizer-3.4.4-cp312-cp312-manylinux2014_x86_64.manylinux_2_17_x86_64.manylinux_2_28_x86_64.whl (153 kB)
#11 17.27 Downloading click-8.3.1-py3-none-any.whl (108 kB)
#11 17.34 Downloading cloudpickle-3.1.2-py3-none-any.whl (22 kB)
#11 17.38 Downloading colorama-0.4.6-py2.py3-none-any.whl (25 kB)
#11 17.43 Downloading croniter-6.0.0-py2.py3-none-any.whl (25 kB)
#11 17.47 Downloading cryptography-46.0.5-cp311-abi3-manylinux_2_34_x86_64.whl (4.5 MB)
#11 17.94    ΓöüΓöüΓöüΓöüΓöüΓöüΓöüΓöüΓöüΓöüΓöüΓöüΓöüΓöüΓöüΓöüΓöüΓöüΓöüΓöüΓöüΓöüΓöüΓöüΓöüΓöüΓöüΓöüΓöüΓöüΓöüΓöüΓöüΓöüΓöüΓöüΓöüΓöüΓöüΓöü 4.5/4.5 MB 10.0 MB/s eta 0:00:00
#11 18.01 Downloading cyclopts-4.5.4-py3-none-any.whl (200 kB)
#11 18.08 Downloading diskcache-5.6.3-py3-none-any.whl (45 kB)
#11 18.13 Downloading dnspython-2.8.0-py3-none-any.whl (331 kB)
#11 18.21 Downloading docker-7.1.0-py3-none-any.whl (147 kB)
#11 18.29 Downloading docstring_parser-0.17.0-py3-none-any.whl (36 kB)
#11 18.34 Downloading docutils-0.22.4-py3-none-any.whl (633 kB)
#11 18.39    ΓöüΓöüΓöüΓöüΓöüΓöüΓöüΓöüΓöüΓöüΓöüΓöüΓöüΓöüΓöüΓöüΓöüΓöüΓöüΓöüΓöüΓöüΓöüΓöüΓöüΓöüΓöüΓöüΓöüΓöüΓöüΓöüΓöüΓöüΓöüΓöüΓöüΓöüΓöüΓöü 633.2/633.2 kB 10.3 MB/s eta 0:00:00
#11 18.43 Downloading email_validator-2.3.0-py3-none-any.whl (35 kB)
#11 18.47 Downloading exceptiongroup-1.3.1-py3-none-any.whl (16 kB)
#11 18.52 Downloading fakeredis-2.35.1-py3-none-any.whl (129 kB)
#11 18.59 Downloading fastmcp-3.2.4-py3-none-any.whl (728 kB)
#11 18.63    ΓöüΓöüΓöüΓöüΓöüΓöüΓöüΓöüΓöüΓöüΓöüΓöüΓöüΓöüΓöüΓöüΓöüΓöüΓöüΓöüΓöüΓöüΓöüΓöüΓöüΓöüΓöüΓöüΓöüΓöüΓöüΓöüΓöüΓöüΓöüΓöüΓöüΓöüΓöüΓöü 728.6/728.6 kB 17.2 MB/s eta 0:00:00
#11 18.68 Downloading griffelib-2.0.2-py3-none-any.whl (142 kB)
#11 18.75 Downloading h11-0.16.0-py3-none-any.whl (37 kB)
#11 18.79 Downloading httpcore-1.0.9-py3-none-any.whl (78 kB)
#11 18.84 Downloading httpx-0.28.1-py3-none-any.whl (73 kB)
#11 18.89 Downloading httpx_sse-0.4.3-py3-none-any.whl (9.0 kB)
#11 18.94 Downloading idna-3.11-py3-none-any.whl (71 kB)
#11 18.99 Downloading importlib_metadata-8.7.1-py3-none-any.whl (27 kB)
#11 19.03 Downloading iniconfig-2.3.0-py3-none-any.whl (7.5 kB)
#11 19.08 Downloading invoke-2.2.1-py3-none-any.whl (160 kB)
#11 19.13 Downloading itsdangerous-2.2.0-py3-none-any.whl (16 kB)
#11 19.17 Downloading jaraco.classes-3.4.0-py3-none-any.whl (6.8 kB)
#11 19.22 Downloading jaraco_context-6.1.0-py3-none-any.whl (7.1 kB)
#11 19.26 Downloading jaraco_functools-4.4.0-py3-none-any.whl (10 kB)
#11 19.30 Downloading jsonref-1.1.0-py3-none-any.whl (9.4 kB)
#11 19.35 Downloading jsonschema-4.26.0-py3-none-any.whl (90 kB)
#11 19.42 Downloading jsonschema_path-0.4.1-py3-none-any.whl (16 kB)
#11 19.47 Downloading jsonschema_specifications-2025.9.1-py3-none-any.whl (18 kB)
#11 19.52 Downloading keyring-25.7.0-py3-none-any.whl (39 kB)
#11 19.57 Downloading lupa-2.6-cp312-cp312-manylinux2014_x86_64.manylinux_2_17_x86_64.manylinux_2_28_x86_64.whl (2.1 MB)
#11 19.71    ΓöüΓöüΓöüΓöüΓöüΓöüΓöüΓöüΓöüΓöüΓöüΓöüΓöüΓöüΓöüΓöüΓöüΓöüΓöüΓöüΓöüΓöüΓöüΓöüΓöüΓöüΓöüΓöüΓöüΓöüΓöüΓöüΓöüΓöüΓöüΓöüΓöüΓöüΓöüΓöü 2.1/2.1 MB 14.6 MB/s eta 0:00:00
#11 19.76 Downloading markdown_it_py-4.0.0-py3-none-any.whl (87 kB)
#11 19.82 Downloading mcp-1.26.0-py3-none-any.whl (233 kB)
#11 19.88 Downloading mdurl-0.1.2-py3-none-any.whl (10.0 kB)
#11 19.92 Downloading more_itertools-10.8.0-py3-none-any.whl (69 kB)
#11 19.98 Downloading numpy-2.4.2-cp312-cp312-manylinux_2_27_x86_64.manylinux_2_28_x86_64.whl (16.6 MB)
#11 21.43    ΓöüΓöüΓöüΓöüΓöüΓöüΓöüΓöüΓöüΓöüΓöüΓöüΓöüΓöüΓöüΓöüΓöüΓöüΓöüΓöüΓöüΓöüΓöüΓöüΓöüΓöüΓöüΓöüΓöüΓöüΓöüΓöüΓöüΓöüΓöüΓöüΓöüΓöüΓöüΓöü 16.6/16.6 MB 11.5 MB/s eta 0:00:00
#11 21.47 Downloading openapi_pydantic-0.5.1-py3-none-any.whl (96 kB)
#11 21.52 Downloading opentelemetry_api-1.39.1-py3-none-any.whl (66 kB)
#11 21.58 Downloading packaging-26.0-py3-none-any.whl (74 kB)
#11 21.63 Downloading pandas-3.0.1-cp312-cp312-manylinux_2_24_x86_64.manylinux_2_28_x86_64.whl (10.9 MB)
#11 22.39    ΓöüΓöüΓöüΓöüΓöüΓöüΓöüΓöüΓöüΓöüΓöüΓöüΓöüΓöüΓöüΓöüΓöüΓöüΓöüΓöüΓöüΓöüΓöüΓöüΓöüΓöüΓöüΓöüΓöüΓöüΓöüΓöüΓöüΓöüΓöüΓöüΓöüΓöüΓöüΓöü 10.9/10.9 MB 14.7 MB/s eta 0:00:00
#11 22.43 Downloading paramiko-4.0.0-py3-none-any.whl (223 kB)
#11 22.50 Downloading pathable-0.5.0-py3-none-any.whl (16 kB)
#11 22.55 Downloading pathvalidate-3.3.1-py3-none-any.whl (24 kB)
#11 22.60 Downloading platformdirs-4.9.2-py3-none-any.whl (21 kB)
#11 22.64 Downloading pluggy-1.6.0-py3-none-any.whl (20 kB)
#11 22.69 Downloading prometheus_client-0.24.1-py3-none-any.whl (64 kB)
#11 22.74 Downloading py_key_value_aio-0.4.4-py3-none-any.whl (152 kB)
#11 22.79 Downloading py_key_value_shared-0.3.0-py3-none-any.whl (19 kB)
#11 22.83 Downloading pycparser-3.0-py3-none-any.whl (48 kB)
#11 22.88 Downloading pydantic-2.12.5-py3-none-any.whl (463 kB)
#11 22.96 Downloading pydantic_settings-2.13.1-py3-none-any.whl (58 kB)
#11 23.02 Downloading pydantic_core-2.41.5-cp312-cp312-manylinux_2_17_x86_64.manylinux2014_x86_64.whl (2.1 MB)
#11 23.12    ΓöüΓöüΓöüΓöüΓöüΓöüΓöüΓöüΓöüΓöüΓöüΓöüΓöüΓöüΓöüΓöüΓöüΓöüΓöüΓöüΓöüΓöüΓöüΓöüΓöüΓöüΓöüΓöüΓöüΓöüΓöüΓöüΓöüΓöüΓöüΓöüΓöüΓöüΓöüΓöü 2.1/2.1 MB 20.0 MB/s eta 0:00:00
#11 23.17 Downloading pygments-2.19.2-py3-none-any.whl (1.2 MB)
#11 23.26    ΓöüΓöüΓöüΓöüΓöüΓöüΓöüΓöüΓöüΓöüΓöüΓöüΓöüΓöüΓöüΓöüΓöüΓöüΓöüΓöüΓöüΓöüΓöüΓöüΓöüΓöüΓöüΓöüΓöüΓöüΓöüΓöüΓöüΓöüΓöüΓöüΓöüΓöüΓöüΓöü 1.2/1.2 MB 15.1 MB/s eta 0:00:00
#11 23.30 Downloading pyjwt-2.11.0-py3-none-any.whl (28 kB)
#11 23.34 Downloading pynacl-1.6.2-cp38-abi3-manylinux_2_34_x86_64.whl (1.4 MB)
#11 23.43    ΓöüΓöüΓöüΓöüΓöüΓöüΓöüΓöüΓöüΓöüΓöüΓöüΓöüΓöüΓöüΓöüΓöüΓöüΓöüΓöüΓöüΓöüΓöüΓöüΓöüΓöüΓöüΓöüΓöüΓöüΓöüΓöüΓöüΓöüΓöüΓöüΓöüΓöüΓöüΓöü 1.4/1.4 MB 16.9 MB/s eta 0:00:00
#11 23.47 Downloading pyodbc-5.3.0-cp312-cp312-manylinux2014_x86_64.manylinux_2_17_x86_64.manylinux_2_28_x86_64.whl (340 kB)
#11 23.54 Downloading pyperclip-1.11.0-py3-none-any.whl (11 kB)
#11 23.59 Downloading pytest-9.0.2-py3-none-any.whl (374 kB)
#11 23.66 Downloading pytest_asyncio-1.3.0-py3-none-any.whl (15 kB)
#11 23.71 Downloading python_dateutil-2.9.0.post0-py2.py3-none-any.whl (229 kB)
#11 23.76 Downloading python_dotenv-1.2.1-py3-none-any.whl (21 kB)
#11 23.81 Downloading python_json_logger-4.0.0-py3-none-any.whl (15 kB)
#11 23.86 Downloading python_multipart-0.0.22-py3-none-any.whl (24 kB)
#11 23.91 Downloading pytz-2025.2-py2.py3-none-any.whl (509 kB)
#11 23.99 Downloading pyyaml-6.0.3-cp312-cp312-manylinux2014_x86_64.manylinux_2_17_x86_64.manylinux_2_28_x86_64.whl (807 kB)
#11 24.06    ΓöüΓöüΓöüΓöüΓöüΓöüΓöüΓöüΓöüΓöüΓöüΓöüΓöüΓöüΓöüΓöüΓöüΓöüΓöüΓöüΓöüΓöüΓöüΓöüΓöüΓöüΓöüΓöüΓöüΓöüΓöüΓöüΓöüΓöüΓöüΓöüΓöüΓöüΓöüΓöü 807.9/807.9 kB 19.3 MB/s eta 0:00:00
#11 24.10 Downloading redis-7.2.0-py3-none-any.whl (394 kB)
#11 24.16 Downloading referencing-0.37.0-py3-none-any.whl (26 kB)
#11 24.20 Downloading requests-2.32.5-py3-none-any.whl (64 kB)
#11 24.25 Downloading rich-14.3.3-py3-none-any.whl (310 kB)
#11 24.31 Downloading rich_rst-1.3.2-py3-none-any.whl (12 kB)
#11 24.35 Downloading rpds_py-0.30.0-cp312-cp312-manylinux_2_17_x86_64.manylinux2014_x86_64.whl (394 kB)
#11 24.43 Downloading ruff-0.15.2-py3-none-manylinux_2_17_x86_64.manylinux2014_x86_64.whl (11.1 MB)
#11 25.25    ΓöüΓöüΓöüΓöüΓöüΓöüΓöüΓöüΓöüΓöüΓöüΓöüΓöüΓöüΓöüΓöüΓöüΓöüΓöüΓöüΓöüΓöüΓöüΓöüΓöüΓöüΓöüΓöüΓöüΓöüΓöüΓöüΓöüΓöüΓöüΓöüΓöüΓöüΓöüΓöü 11.1/11.1 MB 13.7 MB/s eta 0:00:00
#11 25.30 Downloading shellingham-1.5.4-py2.py3-none-any.whl (9.8 kB)
#11 25.34 Downloading six-1.17.0-py2.py3-none-any.whl (11 kB)
#11 25.38 Downloading sortedcontainers-2.4.0-py2.py3-none-any.whl (29 kB)
#11 25.43 Downloading sse_starlette-3.2.0-py3-none-any.whl (12 kB)
#11 25.47 Downloading sshtunnel-0.4.0-py2.py3-none-any.whl (24 kB)
#11 25.51 Downloading starlette-0.52.1-py3-none-any.whl (74 kB)
#11 25.55 Downloading typer-0.24.1-py3-none-any.whl (56 kB)
#11 25.61 Downloading typing_inspection-0.4.2-py3-none-any.whl (14 kB)
#11 25.66 Downloading typing_extensions-4.15.0-py3-none-any.whl (44 kB)
#11 25.70 Downloading tzdata-2025.3-py2.py3-none-any.whl (348 kB)
#11 25.76 Downloading urllib3-2.6.3-py3-none-any.whl (131 kB)
#11 25.82 Downloading uvicorn-0.41.0-py3-none-any.whl (68 kB)
#11 25.88 Downloading watchfiles-1.1.1-cp312-cp312-manylinux_2_17_x86_64.manylinux2014_x86_64.whl (456 kB)
#11 25.94 Downloading websockets-16.0-cp312-cp312-manylinux1_x86_64.manylinux_2_28_x86_64.manylinux_2_5_x86_64.whl (184 kB)
#11 25.99 Downloading zipp-3.23.0-py3-none-any.whl (10 kB)
#11 26.04 Downloading pydocket-0.19.2-py3-none-any.whl (101 kB)
#11 26.09 Downloading azure_core-1.40.0-py3-none-any.whl (220 kB)
#11 26.15 Downloading cronsim-2.7-py3-none-any.whl (14 kB)
#11 26.20 Downloading isodate-0.7.2-py3-none-any.whl (22 kB)
#11 26.24 Downloading jeepney-0.9.0-py3-none-any.whl (49 kB)
#11 26.28 Downloading secretstorage-3.5.0-py3-none-any.whl (15 kB)
#11 26.33 Downloading uncalled_for-0.3.1-py3-none-any.whl (11 kB)
#11 26.85 Installing collected packages: sortedcontainers, pytz, pyperclip, lupa, zipp, websockets, urllib3, uncalled-for, tzdata, typing_extensions, six, shellingham, ruff, rpds-py, redis, PyYAML, python-multipart, python-json-logger, python-dotenv, pyodbc, PyJWT, Pygments, pycparser, psutil, prometheus_client, pluggy, platformdirs, pathvalidate, pathable, packaging, numpy, more-itertools, mdurl, jsonref, jeepney, jaraco.context, itsdangerous, isodate, invoke, iniconfig, idna, httpx-sse, h11, griffelib, docutils, docstring_parser, dnspython, diskcache, cronsim, colorama, cloudpickle, click, charset-normalizer, certifi, caio, cachetools, beartype, bcrypt, attrs, annotated-types, annotated-doc, uvicorn, typing-inspection, requests, referencing, python-dateutil, pytest, pydantic_core, py-key-value-shared, py-key-value-aio, markdown-it-py, jaraco.functools, jaraco.classes, importlib_metadata, httpcore, fakeredis, exceptiongroup, email-validator, cffi, anyio, aiofile, watchfiles, starlette, rich, pytest-asyncio, PyNaCl, pydantic, pandas, opentelemetry-api, jsonschema-specifications, jsonschema-path, httpx, docker, cryptography, croniter, azure-core, typer, sse-starlette, SecretStorage, rich-rst, pydantic-settings, paramiko, openapi-pydantic, jsonschema, azure-storage-blob, Authlib, sshtunnel, pydocket, mcp, keyring, cyclopts, fastmcp
#11 48.75 Successfully installed Authlib-1.6.8 PyJWT-2.11.0 PyNaCl-1.6.2 PyYAML-6.0.3 Pygments-2.19.2 SecretStorage-3.5.0 aiofile-3.9.0 annotated-doc-0.0.4 annotated-types-0.7.0 anyio-4.12.1 attrs-25.4.0 azure-core-1.40.0 azure-storage-blob-12.19.1 bcrypt-5.0.0 beartype-0.22.9 cachetools-7.0.1 caio-0.9.25 certifi-2026.1.4 cffi-2.0.0 charset-normalizer-3.4.4 click-8.3.1 cloudpickle-3.1.2 colorama-0.4.6 croniter-6.0.0 cronsim-2.7 cryptography-46.0.5 cyclopts-4.5.4 diskcache-5.6.3 dnspython-2.8.0 docker-7.1.0 docstring_parser-0.17.0 docutils-0.22.4 email-validator-2.3.0 exceptiongroup-1.3.1 fakeredis-2.35.1 fastmcp-3.2.4 griffelib-2.0.2 h11-0.16.0 httpcore-1.0.9 httpx-0.28.1 httpx-sse-0.4.3 idna-3.11 importlib_metadata-8.7.1 iniconfig-2.3.0 invoke-2.2.1 isodate-0.7.2 itsdangerous-2.2.0 jaraco.classes-3.4.0 jaraco.context-6.1.0 jaraco.functools-4.4.0 jeepney-0.9.0 jsonref-1.1.0 jsonschema-4.26.0 jsonschema-path-0.4.1 jsonschema-specifications-2025.9.1 keyring-25.7.0 lupa-2.6 markdown-it-py-4.0.0 mcp-1.26.0 mdurl-0.1.2 more-itertools-10.8.0 numpy-2.4.2 openapi-pydantic-0.5.1 opentelemetry-api-1.39.1 packaging-26.0 pandas-3.0.1 paramiko-4.0.0 pathable-0.5.0 pathvalidate-3.3.1 platformdirs-4.9.2 pluggy-1.6.0 prometheus_client-0.24.1 psutil-7.2.2 py-key-value-aio-0.4.4 py-key-value-shared-0.3.0 pycparser-3.0 pydantic-2.12.5 pydantic-settings-2.13.1 pydantic_core-2.41.5 pydocket-0.19.2 pyodbc-5.3.0 pyperclip-1.11.0 pytest-9.0.2 pytest-asyncio-1.3.0 python-dateutil-2.9.0.post0 python-dotenv-1.2.1 python-json-logger-4.0.0 python-multipart-0.0.22 pytz-2025.2 redis-7.2.0 referencing-0.37.0 requests-2.32.5 rich-14.3.3 rich-rst-1.3.2 rpds-py-0.30.0 ruff-0.15.2 shellingham-1.5.4 six-1.17.0 sortedcontainers-2.4.0 sse-starlette-3.2.0 sshtunnel-0.4.0 starlette-0.52.1 typer-0.24.1 typing-inspection-0.4.2 typing_extensions-4.15.0 tzdata-2025.3 uncalled-for-0.3.1 urllib3-2.6.3 uvicorn-0.41.0 watchfiles-1.1.1 websockets-16.0 zipp-3.23.0
#11 48.75 WARNING: Running pip as the 'root' user can result in broken permissions and conflicting behaviour with the system package manager, possibly rendering your system unusable. It is recommended to use a virtual environment instead: https://pip.pypa.io/warnings/venv. Use the --root-user-action option if you know what you are doing and want to suppress this warning.
#11 49.21 
#11 49.21 [notice] A new release of pip is available: 25.0.1 -> 26.1
#11 49.21 [notice] To update, run: pip install --upgrade pip
#11 DONE 50.3s

#12 [7/8] COPY . .
#12 DONE 0.4s

#13 [8/8] RUN chown -R appuser:appuser /app
#13 DONE 1.4s

#14 exporting to image
#14 exporting layers
#14 exporting layers 13.5s done
#14 exporting manifest sha256:796a10e691d95abeb068c1b03490a21e78cded403a91b4299454423c41c9fc6a 0.0s done
#14 exporting config sha256:9ef290e9d09c9b9294600ff5b8fa04964f4d0be04bdddce806a8907c9b403d46 0.0s done
#14 exporting attestation manifest sha256:1a0662c86ce6003f3685391d70fa721aa4f4f01714042d1f742c7d43458a8c83
#14 exporting attestation manifest sha256:1a0662c86ce6003f3685391d70fa721aa4f4f01714042d1f742c7d43458a8c83 0.1s done
#14 exporting manifest list sha256:ed69707e35bb2aad20656776f6e5d65195dec8435400319f36862f24f214fb82 0.1s done
#14 naming to docker.io/harryvaldez/mcp-sql-server:latest
#14 naming to docker.io/harryvaldez/mcp-sql-server:latest done
#14 unpacking to docker.io/harryvaldez/mcp-sql-server:latest
#14 unpacking to docker.io/harryvaldez/mcp-sql-server:latest 5.4s done
#14 DONE 19.3s

View build details: docker-desktop://dashboard/build/desktop-linux/desktop-linux/k7fj9m3ww2sb5adtw6r51zln8
