============================= test session starts =============================
platform win32 -- Python 3.14.2, pytest-9.0.2, pluggy-1.6.0 -- C:\Users\HarryValdez\AppData\Local\Python\pythoncore-3.14-64\python.exe
cachedir: .pytest_cache
rootdir: C:\Users\HarryValdez\OneDrive\Documents\trae\mcp-sql-server
plugins: anyio-4.12.1, asyncio-1.3.0
asyncio: mode=Mode.STRICT, debug=False, asyncio_default_fixture_loop_scope=None, asyncio_default_test_loop_scope=function
collecting ... collected 35 items

testing/comprehensive_test.py::TestUnit::test_connection_string_builder SKIPPED [  2%]
testing/comprehensive_test.py::TestIntegration::test_server_info SKIPPED [  5%]
testing/comprehensive_test.py::TestIntegration::test_list_objects SKIPPED [  8%]
testing/comprehensive_test.py::TestIntegration::test_describe_table SKIPPED [ 11%]
testing/comprehensive_test.py::TestIntegration::test_run_query SKIPPED   [ 14%]
testing/comprehensive_test.py::TestIntegration::test_run_query_with_params SKIPPED [ 17%]
testing/comprehensive_test.py::TestIntegration::test_explain_query SKIPPED [ 20%]
testing/comprehensive_test.py::TestIntegration::test_analyze_index_health SKIPPED [ 22%]
testing/comprehensive_test.py::TestIntegration::test_db_stats SKIPPED    [ 25%]
testing/comprehensive_test.py::TestIntegration::test_analyze_sessions SKIPPED [ 28%]
testing/comprehensive_test.py::TestIntegration::test_create_drop_object SKIPPED [ 31%]
testing/comprehensive_test.py::TestStress::test_concurrent_queries SKIPPED [ 34%]
testing/comprehensive_test.py::TestBlackbox::test_list_tools SKIPPED     [ 37%]
testing/comprehensive_test.py::TestBlackbox::test_ping SKIPPED (Data...) [ 40%]
testing/comprehensive_test.py::TestBlackbox::test_server_info_mcp SKIPPED [ 42%]
testing/test_connection.py::test_connection PASSED                       [ 45%]
testing/test_ddl_tool.py::test_function PASSED                           [ 48%]
testing/test_fragmentation_check.py::test_fragmentation_check FAILED     [ 51%]
testing/test_individual_queries.py::test_individual_queries PASSED       [ 54%]
testing/test_mcp_client.py::test_mcp_server FAILED                       [ 57%]
testing/test_mcp_http.py::test_mcp_http_server FAILED                    [ 60%]
testing/test_mcp_http.py::test_direct_tool_call FAILED                   [ 62%]
testing/test_mcp_sse.py::test_mcp_sse_server FAILED                      [ 65%]
testing/test_readonly_queries.py::test_readonly_queries FAILED           [ 68%]
testing/test_sec_perf_metrics.py::test_sec_perf_metrics PASSED           [ 71%]
