Attempting to import server module...
Traceback (most recent call last):
  File "C:\Users\HarryValdez\OneDrive\Documents\trae\mcp-sql-server\test_import_simple.py", line 13, in <module>
    print("\u2713 Server module imported successfully")
    ~~~~~^^^^^^^^^^^^^^^^^^^^^^^^^^^^^^^^^^^^^^^^^
  File "C:\Users\HarryValdez\AppData\Local\Python\pythoncore-3.14-64\Lib\encodings\cp1252.py", line 19, in encode
    return codecs.charmap_encode(input,self.errors,encoding_table)[0]
           ~~~~~~~~~~~~~~~~~~~~~^^^^^^^^^^^^^^^^^^^^^^^^^^^^^^^^^^
UnicodeEncodeError: 'charmap' codec can't encode character '\u2713' in position 0: character maps to <undefined>

During handling of the above exception, another exception occurred:

Traceback (most recent call last):
  File "C:\Users\HarryValdez\OneDrive\Documents\trae\mcp-sql-server\test_import_simple.py", line 37, in <module>
    print(f"\u2717 Unexpected error: {e}")
    ~~~~~^^^^^^^^^^^^^^^^^^^^^^^^^^^^
  File "C:\Users\HarryValdez\AppData\Local\Python\pythoncore-3.14-64\Lib\encodings\cp1252.py", line 19, in encode
    return codecs.charmap_encode(input,self.errors,encoding_table)[0]
           ~~~~~~~~~~~~~~~~~~~~~^^^^^^^^^^^^^^^^^^^^^^^^^^^^^^^^^^
UnicodeEncodeError: 'charmap' codec can't encode character '\u2717' in position 0: character maps to <undefined>
2026-02-25 12:30:34,891 - mcp-sqlserver - INFO - Stopping all active SSH tunnels...
